[debug] [2025-09-11T14:03:21.692Z] ----------------------------------------------------------------------
[debug] [2025-09-11T14:03:21.694Z] Command:       /usr/local/bin/node /usr/local/bin/firebase init
[debug] [2025-09-11T14:03:21.694Z] CLI Version:   14.16.0
[debug] [2025-09-11T14:03:21.694Z] Platform:      darwin
[debug] [2025-09-11T14:03:21.694Z] Node Version:  v22.19.0
[debug] [2025-09-11T14:03:21.694Z] Time:          Thu Sep 11 2025 17:03:21 GMT+0300 (Eastern European Summer Time)
[debug] [2025-09-11T14:03:21.694Z] ----------------------------------------------------------------------
[debug] 
[debug] [2025-09-11T14:03:21.696Z] > command requires scopes: ["email","openid","https://www.googleapis.com/auth/cloudplatformprojects.readonly","https://www.googleapis.com/auth/firebase","https://www.googleapis.com/auth/cloud-platform"]
[debug] [2025-09-11T14:03:21.696Z] > authorizing via signed-in user (medhive0@gmail.com)
[info] 
     ######## #### ########  ######## ########     ###     ######  ########
     ##        ##  ##     ## ##       ##     ##  ##   ##  ##       ##
     ######    ##  ########  ######   ########  #########  ######  ######
     ##        ##  ##    ##  ##       ##     ## ##     ##       ## ##
     ##       #### ##     ## ######## ########  ##     ##  ######  ########

You're about to initialize a Firebase project in this directory:

  /Users/admin/Documents/medhive/MedHive

[info] 
=== Project Setup
[info] 
[info] First, let's associate this project directory with a Firebase project.
[info] You can create multiple project aliases by running firebase use --add, 
[info] but for now we'll just set up a default project.
[info] 
[info] i  If you want to create a project in a Google Cloud organization or folder, please use "firebase projects:create" instead, and return to this command when you've created the project. 
[debug] [2025-09-11T14:05:05.631Z] Checked if tokens are valid: true, expires at: 1757602775089
[debug] [2025-09-11T14:05:05.631Z] Checked if tokens are valid: true, expires at: 1757602775089
[debug] [2025-09-11T14:05:05.635Z] >>> [apiv2][query] POST https://firebase.googleapis.com/v1/projects:checkProjectId [none]
[debug] [2025-09-11T14:05:05.635Z] >>> [apiv2][body] POST https://firebase.googleapis.com/v1/projects:checkProjectId {"proposedId":"medhive"}
[debug] [2025-09-11T14:05:06.392Z] <<< [apiv2][status] POST https://firebase.googleapis.com/v1/projects:checkProjectId 200
[debug] [2025-09-11T14:05:06.392Z] <<< [apiv2][body] POST https://firebase.googleapis.com/v1/projects:checkProjectId {"projectIdStatus":"PROJECT_ID_UNAVAILABLE","suggestedProjectId":"medhive-d520e"}
[debug] [2025-09-11T14:05:17.988Z] Checked if tokens are valid: true, expires at: 1757602775089
[debug] [2025-09-11T14:05:17.989Z] Checked if tokens are valid: true, expires at: 1757602775089
[debug] [2025-09-11T14:05:17.990Z] >>> [apiv2][query] POST https://firebase.googleapis.com/v1/projects:checkProjectId [none]
[debug] [2025-09-11T14:05:17.990Z] >>> [apiv2][body] POST https://firebase.googleapis.com/v1/projects:checkProjectId {"proposedId":"MEDHIVE"}
[debug] [2025-09-11T14:05:18.567Z] <<< [apiv2][status] POST https://firebase.googleapis.com/v1/projects:checkProjectId 200
[debug] [2025-09-11T14:05:18.568Z] <<< [apiv2][body] POST https://firebase.googleapis.com/v1/projects:checkProjectId {"projectIdStatus":"PROJECT_ID_NOT_VALID","suggestedProjectId":"medhive-d38a0"}
[debug] [2025-09-11T14:05:26.000Z] Checked if tokens are valid: true, expires at: 1757602775089
[debug] [2025-09-11T14:05:26.000Z] Checked if tokens are valid: true, expires at: 1757602775089
[debug] [2025-09-11T14:05:26.002Z] >>> [apiv2][query] POST https://firebase.googleapis.com/v1/projects:checkProjectId [none]
[debug] [2025-09-11T14:05:26.002Z] >>> [apiv2][body] POST https://firebase.googleapis.com/v1/projects:checkProjectId {"proposedId":"medhive.12"}
[debug] [2025-09-11T14:05:26.338Z] <<< [apiv2][status] POST https://firebase.googleapis.com/v1/projects:checkProjectId 400
[debug] [2025-09-11T14:05:26.338Z] <<< [apiv2][body] POST https://firebase.googleapis.com/v1/projects:checkProjectId {"error":{"code":400,"message":"Request contains an invalid argument.","status":"INVALID_ARGUMENT"}}
[debug] [2025-09-11T14:05:26.340Z] Couldn't check if project ID medhive.12 is available. Original error: FirebaseError: Failed to check if project ID is available. See firebase-debug.log for more info.
[debug] [2025-09-11T14:05:46.142Z] Checked if tokens are valid: true, expires at: 1757602775089
[debug] [2025-09-11T14:05:46.142Z] Checked if tokens are valid: true, expires at: 1757602775089
[debug] [2025-09-11T14:05:46.142Z] >>> [apiv2][query] POST https://cloudresourcemanager.googleapis.com/v1/projects [none]
[debug] [2025-09-11T14:05:46.142Z] >>> [apiv2][body] POST https://cloudresourcemanager.googleapis.com/v1/projects {"projectId":"medhive.12","name":"medhive"}
[debug] [2025-09-11T14:05:46.781Z] <<< [apiv2][status] POST https://cloudresourcemanager.googleapis.com/v1/projects 400
[debug] [2025-09-11T14:05:46.782Z] <<< [apiv2][body] POST https://cloudresourcemanager.googleapis.com/v1/projects {"error":{"code":400,"message":"field [project_id] has issue [project_id contains invalid characters]","status":"INVALID_ARGUMENT","details":[{"@type":"type.googleapis.com/google.rpc.BadRequest","fieldViolations":[{"field":"project_id","description":"project_id contains invalid characters"}]},{"@type":"type.googleapis.com/google.rpc.Help","links":[{"url":"https://cloud.google.com/resource-manager/reference/rest/v1/projects"}]}]}}
[debug] [2025-09-11T14:05:46.979Z] FirebaseError: Request to https://cloudresourcemanager.googleapis.com/v1/projects had HTTP Error: 400, field [project_id] has issue [project_id contains invalid characters]
    at responseToError (/usr/local/lib/node_modules/firebase-tools/lib/responseToError.js:52:12)
    at RetryOperation._fn (/usr/local/lib/node_modules/firebase-tools/lib/apiv2.js:312:77)
    at process.processTicksAndRejections (node:internal/process/task_queues:105:5)
[error] 
[error] Error: Failed to create project. See firebase-debug.log for more info.
[debug] [2025-09-11T14:07:59.549Z] ----------------------------------------------------------------------
[debug] [2025-09-11T14:07:59.554Z] Command:       /usr/local/bin/node /usr/local/bin/firebase init
[debug] [2025-09-11T14:07:59.554Z] CLI Version:   14.16.0
[debug] [2025-09-11T14:07:59.554Z] Platform:      darwin
[debug] [2025-09-11T14:07:59.554Z] Node Version:  v22.19.0
[debug] [2025-09-11T14:07:59.555Z] Time:          Thu Sep 11 2025 17:07:59 GMT+0300 (Eastern European Summer Time)
[debug] [2025-09-11T14:07:59.555Z] ----------------------------------------------------------------------
[debug] 
[debug] [2025-09-11T14:07:59.558Z] > command requires scopes: ["email","openid","https://www.googleapis.com/auth/cloudplatformprojects.readonly","https://www.googleapis.com/auth/firebase","https://www.googleapis.com/auth/cloud-platform"]
[debug] [2025-09-11T14:07:59.558Z] > authorizing via signed-in user (medhive0@gmail.com)
[info] 
     ######## #### ########  ######## ########     ###     ######  ########
     ##        ##  ##     ## ##       ##     ##  ##   ##  ##       ##
     ######    ##  ########  ######   ########  #########  ######  ######
     ##        ##  ##    ##  ##       ##     ## ##     ##       ## ##
     ##       #### ##     ## ######## ########  ##     ##  ######  ########

You're about to initialize a Firebase project in this directory:

  /Users/admin/Documents/medhive/MedHive

[info] 
=== Project Setup
[info] 
[info] First, let's associate this project directory with a Firebase project.
[info] You can create multiple project aliases by running firebase use --add, 
[info] but for now we'll just set up a default project.
[info] 
[info] i  If you want to create a project in a Google Cloud organization or folder, please use "firebase projects:create" instead, and return to this command when you've created the project. 
[debug] [2025-09-11T14:08:24.791Z] Checked if tokens are valid: true, expires at: 1757602775089
[debug] [2025-09-11T14:08:24.792Z] Checked if tokens are valid: true, expires at: 1757602775089
[debug] [2025-09-11T14:08:24.794Z] >>> [apiv2][query] POST https://firebase.googleapis.com/v1/projects:checkProjectId [none]
[debug] [2025-09-11T14:08:24.794Z] >>> [apiv2][body] POST https://firebase.googleapis.com/v1/projects:checkProjectId {"proposedId":"medhive-12"}
[debug] [2025-09-11T14:08:25.503Z] <<< [apiv2][status] POST https://firebase.googleapis.com/v1/projects:checkProjectId 200
[debug] [2025-09-11T14:08:25.503Z] <<< [apiv2][body] POST https://firebase.googleapis.com/v1/projects:checkProjectId {"projectIdStatus":"PROJECT_ID_AVAILABLE","suggestedProjectId":"medhive-12"}
[debug] [2025-09-11T14:08:29.265Z] Checked if tokens are valid: true, expires at: 1757602775089
[debug] [2025-09-11T14:08:29.265Z] Checked if tokens are valid: true, expires at: 1757602775089
[debug] [2025-09-11T14:08:29.266Z] >>> [apiv2][query] POST https://cloudresourcemanager.googleapis.com/v1/projects [none]
[debug] [2025-09-11T14:08:29.266Z] >>> [apiv2][body] POST https://cloudresourcemanager.googleapis.com/v1/projects {"projectId":"medhive-12","name":"medhive"}
[debug] [2025-09-11T14:08:30.416Z] <<< [apiv2][status] POST https://cloudresourcemanager.googleapis.com/v1/projects 200
[debug] [2025-09-11T14:08:30.416Z] <<< [apiv2][body] POST https://cloudresourcemanager.googleapis.com/v1/projects {"name":"operations/create_project.global.6683651615301746241"}
[debug] [2025-09-11T14:08:30.417Z] Checked if tokens are valid: true, expires at: 1757602775089
[debug] [2025-09-11T14:08:30.417Z] Checked if tokens are valid: true, expires at: 1757602775089
[debug] [2025-09-11T14:08:30.417Z] >>> [apiv2][query] GET https://cloudresourcemanager.googleapis.com/v1/operations/create_project.global.6683651615301746241 [none]
[debug] [2025-09-11T14:08:32.074Z] <<< [apiv2][status] GET https://cloudresourcemanager.googleapis.com/v1/operations/create_project.global.6683651615301746241 200
[debug] [2025-09-11T14:08:32.074Z] <<< [apiv2][body] GET https://cloudresourcemanager.googleapis.com/v1/operations/create_project.global.6683651615301746241 {"name":"operations/create_project.global.6683651615301746241","metadata":{"@type":"type.googleapis.com/google.cloudresourcemanager.v1.ProjectCreationStatus","ready":true},"done":true,"error":{"code":9,"message":"Callers must accept Terms of Service","details":[{"@type":"type.googleapis.com/google.rpc.PreconditionFailure","violations":[{"type":"TOS","subject":"cloud","description":"Callers must accept Terms of Service"}]}]}}
[debug] [2025-09-11T14:08:32.333Z] FirebaseError: Callers must accept Terms of Service
    at OperationPoller.poll (/usr/local/lib/node_modules/firebase-tools/lib/operation-poller.js:24:19)
    at process.processTicksAndRejections (node:internal/process/task_queues:105:5)
    at async createCloudProject (/usr/local/lib/node_modules/firebase-tools/lib/management/projects.js:215:29)
    at async createFirebaseProjectAndLog (/usr/local/lib/node_modules/firebase-tools/lib/management/projects.js:83:9)
    at async promptAndCreateNewProject (/usr/local/lib/node_modules/firebase-tools/lib/init/features/project.js:31:12)
    at async Object.doSetup (/usr/local/lib/node_modules/firebase-tools/lib/init/features/project.js:89:31)
    at async init (/usr/local/lib/node_modules/firebase-tools/lib/init/index.js:68:13)
    at async Command.initAction [as actionFn] (/usr/local/lib/node_modules/firebase-tools/lib/commands/init.js:214:5)
[error] 
[error] Error: Failed to create project. See firebase-debug.log for more info.
[debug] [2025-09-11T14:10:39.718Z] ----------------------------------------------------------------------
[debug] [2025-09-11T14:10:39.719Z] Command:       /usr/local/bin/node /usr/local/bin/firebase init
[debug] [2025-09-11T14:10:39.719Z] CLI Version:   14.16.0
[debug] [2025-09-11T14:10:39.719Z] Platform:      darwin
[debug] [2025-09-11T14:10:39.720Z] Node Version:  v22.19.0
[debug] [2025-09-11T14:10:39.720Z] Time:          Thu Sep 11 2025 17:10:39 GMT+0300 (Eastern European Summer Time)
[debug] [2025-09-11T14:10:39.720Z] ----------------------------------------------------------------------
[debug] 
[debug] [2025-09-11T14:10:39.722Z] > command requires scopes: ["email","openid","https://www.googleapis.com/auth/cloudplatformprojects.readonly","https://www.googleapis.com/auth/firebase","https://www.googleapis.com/auth/cloud-platform"]
[debug] [2025-09-11T14:10:39.722Z] > authorizing via signed-in user (medhive0@gmail.com)
[info] 
     ######## #### ########  ######## ########     ###     ######  ########
     ##        ##  ##     ## ##       ##     ##  ##   ##  ##       ##
     ######    ##  ########  ######   ########  #########  ######  ######
     ##        ##  ##    ##  ##       ##     ## ##     ##       ## ##
     ##       #### ##     ## ######## ########  ##     ##  ######  ########

You're about to initialize a Firebase project in this directory:

  /Users/admin/Documents/medhive/MedHive

[info] 
=== Project Setup
[info] 
[info] First, let's associate this project directory with a Firebase project.
[info] You can create multiple project aliases by running firebase use --add, 
[info] but for now we'll just set up a default project.
[info] 
[debug] [2025-09-11T14:10:54.327Z] Checked if tokens are valid: true, expires at: 1757602775089
[debug] [2025-09-11T14:10:54.328Z] Checked if tokens are valid: true, expires at: 1757602775089
[debug] [2025-09-11T14:10:54.329Z] >>> [apiv2][query] GET https://firebase.googleapis.com/v1beta1/projects pageSize=100
[debug] [2025-09-11T14:10:55.225Z] <<< [apiv2][status] GET https://firebase.googleapis.com/v1beta1/projects 200
[debug] [2025-09-11T14:10:55.226Z] <<< [apiv2][body] GET https://firebase.googleapis.com/v1beta1/projects [omitted]
[info] i  Using project medhive-12 (medhive-12) 
[info] 
=== Dataconnect Setup
[debug] [2025-09-11T14:11:01.137Z] Checked if tokens are valid: true, expires at: 1757602775089
[debug] [2025-09-11T14:11:01.137Z] Checked if tokens are valid: true, expires at: 1757602775089
[debug] [2025-09-11T14:11:01.137Z] >>> [apiv2][query] GET https://cloudbilling.googleapis.com/v1/projects/medhive-12/billingInfo [none]
[debug] [2025-09-11T14:11:01.681Z] <<< [apiv2][status] GET https://cloudbilling.googleapis.com/v1/projects/medhive-12/billingInfo 200
[debug] [2025-09-11T14:11:01.682Z] <<< [apiv2][body] GET https://cloudbilling.googleapis.com/v1/projects/medhive-12/billingInfo {"name":"projects/medhive-12/billingInfo","projectId":"medhive-12","billingAccountName":"","billingEnabled":false}
[info] i  dataconnect: ensuring required API firebasedataconnect.googleapis.com is enabled... 
[debug] [2025-09-11T14:11:01.683Z] Checked if tokens are valid: true, expires at: 1757602775089
[debug] [2025-09-11T14:11:01.683Z] Checked if tokens are valid: true, expires at: 1757602775089
[info] i  dataconnect: ensuring required API sqladmin.googleapis.com is enabled... 
[debug] [2025-09-11T14:11:01.684Z] Checked if tokens are valid: true, expires at: 1757602775089
[debug] [2025-09-11T14:11:01.684Z] Checked if tokens are valid: true, expires at: 1757602775089
[debug] [2025-09-11T14:11:01.684Z] >>> [apiv2][query] GET https://serviceusage.googleapis.com/v1/projects/medhive-12/services/firebasedataconnect.googleapis.com [none]
[debug] [2025-09-11T14:11:01.684Z] >>> [apiv2][(partial)header] GET https://serviceusage.googleapis.com/v1/projects/medhive-12/services/firebasedataconnect.googleapis.com x-goog-quota-user=projects/medhive-12
[debug] [2025-09-11T14:11:01.685Z] >>> [apiv2][query] GET https://serviceusage.googleapis.com/v1/projects/medhive-12/services/sqladmin.googleapis.com [none]
[debug] [2025-09-11T14:11:01.685Z] >>> [apiv2][(partial)header] GET https://serviceusage.googleapis.com/v1/projects/medhive-12/services/sqladmin.googleapis.com x-goog-quota-user=projects/medhive-12
[debug] [2025-09-11T14:11:02.894Z] <<< [apiv2][status] GET https://serviceusage.googleapis.com/v1/projects/medhive-12/services/firebasedataconnect.googleapis.com 200
[debug] [2025-09-11T14:11:02.894Z] <<< [apiv2][body] GET https://serviceusage.googleapis.com/v1/projects/medhive-12/services/firebasedataconnect.googleapis.com [omitted]
[warn] ⚠  dataconnect: missing required API firebasedataconnect.googleapis.com. Enabling now... 
[debug] [2025-09-11T14:11:02.895Z] Checked if tokens are valid: true, expires at: 1757602775089
[debug] [2025-09-11T14:11:02.895Z] Checked if tokens are valid: true, expires at: 1757602775089
[debug] [2025-09-11T14:11:02.895Z] >>> [apiv2][query] POST https://serviceusage.googleapis.com/v1/projects/medhive-12/services/firebasedataconnect.googleapis.com:enable [none]
[debug] [2025-09-11T14:11:02.895Z] >>> [apiv2][(partial)header] POST https://serviceusage.googleapis.com/v1/projects/medhive-12/services/firebasedataconnect.googleapis.com:enable x-goog-quota-user=projects/medhive-12
[debug] [2025-09-11T14:11:02.898Z] <<< [apiv2][status] GET https://serviceusage.googleapis.com/v1/projects/medhive-12/services/sqladmin.googleapis.com 200
[debug] [2025-09-11T14:11:02.898Z] <<< [apiv2][body] GET https://serviceusage.googleapis.com/v1/projects/medhive-12/services/sqladmin.googleapis.com [omitted]
[warn] ⚠  dataconnect: missing required API sqladmin.googleapis.com. Enabling now... 
[debug] [2025-09-11T14:11:02.898Z] Checked if tokens are valid: true, expires at: 1757602775089
[debug] [2025-09-11T14:11:02.898Z] Checked if tokens are valid: true, expires at: 1757602775089
[debug] [2025-09-11T14:11:02.898Z] >>> [apiv2][query] POST https://serviceusage.googleapis.com/v1/projects/medhive-12/services/sqladmin.googleapis.com:enable [none]
[debug] [2025-09-11T14:11:02.898Z] >>> [apiv2][(partial)header] POST https://serviceusage.googleapis.com/v1/projects/medhive-12/services/sqladmin.googleapis.com:enable x-goog-quota-user=projects/medhive-12
[debug] [2025-09-11T14:11:04.392Z] <<< [apiv2][status] POST https://serviceusage.googleapis.com/v1/projects/medhive-12/services/sqladmin.googleapis.com:enable 200
[debug] [2025-09-11T14:11:04.392Z] <<< [apiv2][body] POST https://serviceusage.googleapis.com/v1/projects/medhive-12/services/sqladmin.googleapis.com:enable [omitted]
[debug] [2025-09-11T14:11:04.526Z] <<< [apiv2][status] POST https://serviceusage.googleapis.com/v1/projects/medhive-12/services/firebasedataconnect.googleapis.com:enable 200
[debug] [2025-09-11T14:11:04.526Z] <<< [apiv2][body] POST https://serviceusage.googleapis.com/v1/projects/medhive-12/services/firebasedataconnect.googleapis.com:enable [omitted]
[debug] [2025-09-11T14:11:14.540Z] Checked if tokens are valid: true, expires at: 1757602775089
[debug] [2025-09-11T14:11:14.541Z] Checked if tokens are valid: true, expires at: 1757602775089
[debug] [2025-09-11T14:11:14.541Z] >>> [apiv2][query] GET https://firebasedataconnect.googleapis.com/v1/projects/medhive-12/locations/-/services [none]
[debug] [2025-09-11T14:11:15.979Z] <<< [apiv2][status] GET https://firebasedataconnect.googleapis.com/v1/projects/medhive-12/locations/-/services 200
[debug] [2025-09-11T14:11:15.979Z] <<< [apiv2][body] GET https://firebasedataconnect.googleapis.com/v1/projects/medhive-12/locations/-/services {}
[info] ✔  dataconnect: Detected existing apps . (flutter) 
[debug] [2025-09-11T14:11:21.743Z] Checked if tokens are valid: true, expires at: 1757602775089
[debug] [2025-09-11T14:11:21.743Z] Checked if tokens are valid: true, expires at: 1757602775089
[debug] [2025-09-11T14:11:21.743Z] >>> [apiv2][query] GET https://firebasedataconnect.googleapis.com/v1/projects/medhive-12/locations/us-central1/services/medhive/schemas/main [none]
[debug] [2025-09-11T14:11:22.736Z] <<< [apiv2][status] GET https://firebasedataconnect.googleapis.com/v1/projects/medhive-12/locations/us-central1/services/medhive/schemas/main 404
[debug] [2025-09-11T14:11:22.736Z] <<< [apiv2][body] GET https://firebasedataconnect.googleapis.com/v1/projects/medhive-12/locations/us-central1/services/medhive/schemas/main {"error":{"code":404,"message":"Resource 'projects/medhive-12/locations/us-central1/services/medhive/schemas/main' was not found","status":"NOT_FOUND","details":[{"@type":"type.googleapis.com/google.rpc.ResourceInfo","resourceName":"projects/medhive-12/locations/us-central1/services/medhive/schemas/main"}]}}
[info] ✔  Wrote dataconnect/dataconnect.yaml 
[info] ✔  Wrote dataconnect/schema/schema.gql 
[info] ✔  Wrote dataconnect/example/connector.yaml 
[info] ✔  Wrote dataconnect/example/queries.gql 
[info] ✔  Wrote dataconnect/example/mutations.gql 
[info] ✔  Wrote dataconnect/example/connector.yaml 
[info] i  dataconnect: Installing the generated SDKs ... 
[info] i  dataconnect: downloading dataconnect-emulator-2.13.0... {"metadata":{"emulator":{"name":"dataconnect"},"message":"downloading dataconnect-emulator-2.13.0..."}}
[debug] [2025-09-11T14:11:22.753Z] >>> [apiv2][query] GET https://storage.googleapis.com/firemat-preview-drop/emulator/dataconnect-emulator-macos-v2.13.0 
[debug] [2025-09-11T14:11:23.291Z] <<< [apiv2][status] GET https://storage.googleapis.com/firemat-preview-drop/emulator/dataconnect-emulator-macos-v2.13.0 200
[debug] [2025-09-11T14:11:23.291Z] <<< [apiv2][body] GET https://storage.googleapis.com/firemat-preview-drop/emulator/dataconnect-emulator-macos-v2.13.0 [stream]
[debug] [2025-09-11T14:12:04.801Z] defaultcredentials: writing to file /Users/admin/.config/firebase/medhive0_gmail_com_application_default_credentials.json
[error] ⬢  dataconnect: Failed to generate Data Connect SDKs
Unknown system error when running the Data Connect toolkit. You may be able to fix this by installing Rosetta: softwareupdate --install-rosetta 
[info] ✔  dataconnect: Installed generated SDKs for . (flutter) 
[info] 
=== Firestore Setup
[info] i  firestore: ensuring required API firestore.googleapis.com is enabled... 
[debug] [2025-09-11T14:12:05.139Z] Checked if tokens are valid: true, expires at: 1757602775089
[debug] [2025-09-11T14:12:05.139Z] Checked if tokens are valid: true, expires at: 1757602775089
[debug] [2025-09-11T14:12:05.139Z] >>> [apiv2][query] GET https://serviceusage.googleapis.com/v1/projects/medhive-12/services/firestore.googleapis.com [none]
[debug] [2025-09-11T14:12:05.139Z] >>> [apiv2][(partial)header] GET https://serviceusage.googleapis.com/v1/projects/medhive-12/services/firestore.googleapis.com x-goog-quota-user=projects/medhive-12
[debug] [2025-09-11T14:12:06.292Z] <<< [apiv2][status] GET https://serviceusage.googleapis.com/v1/projects/medhive-12/services/firestore.googleapis.com 200
[debug] [2025-09-11T14:12:06.292Z] <<< [apiv2][body] GET https://serviceusage.googleapis.com/v1/projects/medhive-12/services/firestore.googleapis.com [omitted]
[warn] ⚠  firestore: missing required API firestore.googleapis.com. Enabling now... 
[debug] [2025-09-11T14:12:06.292Z] Checked if tokens are valid: true, expires at: 1757602775089
[debug] [2025-09-11T14:12:06.292Z] Checked if tokens are valid: true, expires at: 1757602775089
[debug] [2025-09-11T14:12:06.292Z] >>> [apiv2][query] POST https://serviceusage.googleapis.com/v1/projects/medhive-12/services/firestore.googleapis.com:enable [none]
[debug] [2025-09-11T14:12:06.292Z] >>> [apiv2][(partial)header] POST https://serviceusage.googleapis.com/v1/projects/medhive-12/services/firestore.googleapis.com:enable x-goog-quota-user=projects/medhive-12
[debug] [2025-09-11T14:12:07.807Z] <<< [apiv2][status] POST https://serviceusage.googleapis.com/v1/projects/medhive-12/services/firestore.googleapis.com:enable 200
[debug] [2025-09-11T14:12:07.807Z] <<< [apiv2][body] POST https://serviceusage.googleapis.com/v1/projects/medhive-12/services/firestore.googleapis.com:enable [omitted]
[debug] [2025-09-11T14:12:17.817Z] Checked if tokens are valid: true, expires at: 1757602775089
[debug] [2025-09-11T14:12:17.817Z] Checked if tokens are valid: true, expires at: 1757602775089
[debug] [2025-09-11T14:12:17.817Z] >>> [apiv2][query] GET https://firestore.googleapis.com/v1/projects/medhive-12/databases [none]
[debug] [2025-09-11T14:12:18.667Z] <<< [apiv2][status] GET https://firestore.googleapis.com/v1/projects/medhive-12/databases 200
[debug] [2025-09-11T14:12:18.667Z] <<< [apiv2][body] GET https://firestore.googleapis.com/v1/projects/medhive-12/databases {}
[debug] [2025-09-11T14:12:18.668Z] Checked if tokens are valid: true, expires at: 1757602775089
[debug] [2025-09-11T14:12:18.668Z] Checked if tokens are valid: true, expires at: 1757602775089
[debug] [2025-09-11T14:12:18.668Z] >>> [apiv2][query] GET https://firestore.googleapis.com/v1/projects/medhive-12/locations [none]
[debug] [2025-09-11T14:12:18.839Z] <<< [apiv2][status] GET https://firestore.googleapis.com/v1/projects/medhive-12/locations 200
[debug] [2025-09-11T14:12:18.839Z] <<< [apiv2][body] GET https://firestore.googleapis.com/v1/projects/medhive-12/locations {"locations":[{"name":"projects/medhive-12/locations/eur3","labels":{"appengine.googleapis.com/geo":"europe-west","cloud.googleapis.com/location":"eur3","cloud.googleapis.com/geo":"eur3"},"metadata":{"@type":"type.googleapis.com/google.firestore.admin.v1.LocationMetadata"},"locationId":"eur3","displayName":"Europe"},{"name":"projects/medhive-12/locations/nam5","labels":{"appengine.googleapis.com/geo":"us-central","cloud.googleapis.com/location":"nam5","cloud.googleapis.com/geo":"nam5"},"metadata":{"@type":"type.googleapis.com/google.firestore.admin.v1.LocationMetadata"},"locationId":"nam5","displayName":"United States"},{"name":"projects/medhive-12/locations/nam7","labels":{"cloud.googleapis.com/location":"nam7","cloud.googleapis.com/geo":"nam7"},"metadata":{"@type":"type.googleapis.com/google.firestore.admin.v1.LocationMetadata"},"locationId":"nam7","displayName":"United States"},{"name":"projects/medhive-12/locations/africa-south1","labels":{"cloud.googleapis.com/location":"africa-south1","cloud.googleapis.com/region":"africa-south1"},"metadata":{"@type":"type.googleapis.com/google.firestore.admin.v1.LocationMetadata"},"locationId":"africa-south1","displayName":"Johannesburg"},{"name":"projects/medhive-12/locations/asia-east1","labels":{"appengine.googleapis.com/region":"asia-east1","cloud.googleapis.com/location":"asia-east1","cloud.googleapis.com/region":"asia-east1"},"metadata":{"@type":"type.googleapis.com/google.firestore.admin.v1.LocationMetadata"},"locationId":"asia-east1","displayName":"Taiwan"},{"name":"projects/medhive-12/locations/asia-east2","labels":{"appengine.googleapis.com/region":"asia-east2","cloud.googleapis.com/location":"asia-east2","cloud.googleapis.com/region":"asia-east2"},"metadata":{"@type":"type.googleapis.com/google.firestore.admin.v1.LocationMetadata"},"locationId":"asia-east2","displayName":"Hong Kong"},{"name":"projects/medhive-12/locations/asia-northeast1","labels":{"appengine.googleapis.com/region":"asia-northeast1","cloud.googleapis.com/location":"asia-northeast1","cloud.googleapis.com/region":"asia-northeast1"},"metadata":{"@type":"type.googleapis.com/google.firestore.admin.v1.LocationMetadata"},"locationId":"asia-northeast1","displayName":"Tokyo"},{"name":"projects/medhive-12/locations/asia-northeast2","labels":{"appengine.googleapis.com/region":"asia-northeast2","cloud.googleapis.com/location":"asia-northeast2","cloud.googleapis.com/region":"asia-northeast2"},"metadata":{"@type":"type.googleapis.com/google.firestore.admin.v1.LocationMetadata"},"locationId":"asia-northeast2","displayName":"Osaka"},{"name":"projects/medhive-12/locations/asia-northeast3","labels":{"appengine.googleapis.com/region":"asia-northeast3","cloud.googleapis.com/location":"asia-northeast3","cloud.googleapis.com/region":"asia-northeast3"},"metadata":{"@type":"type.googleapis.com/google.firestore.admin.v1.LocationMetadata"},"locationId":"asia-northeast3","displayName":"Seoul"},{"name":"projects/medhive-12/locations/asia-south1","labels":{"appengine.googleapis.com/region":"asia-south1","cloud.googleapis.com/location":"asia-south1","cloud.googleapis.com/region":"asia-south1"},"metadata":{"@type":"type.googleapis.com/google.firestore.admin.v1.LocationMetadata"},"locationId":"asia-south1","displayName":"Mumbai"},{"name":"projects/medhive-12/locations/asia-south2","labels":{"cloud.googleapis.com/location":"asia-south2","cloud.googleapis.com/region":"asia-south2"},"metadata":{"@type":"type.googleapis.com/google.firestore.admin.v1.LocationMetadata"},"locationId":"asia-south2","displayName":"Delhi"},{"name":"projects/medhive-12/locations/asia-southeast1","labels":{"appengine.googleapis.com/region":"asia-southeast1","cloud.googleapis.com/location":"asia-southeast1","cloud.googleapis.com/region":"asia-southeast1"},"metadata":{"@type":"type.googleapis.com/google.firestore.admin.v1.LocationMetadata"},"locationId":"asia-southeast1","displayName":"Singapore"},{"name":"projects/medhive-12/locations/asia-southeast2","labels":{"appengine.googleapis.com/region":"asia-southeast2","cloud.googleapis.com/location":"asia-southeast2","cloud.googleapis.com/region":"asia-southeast2"},"metadata":{"@type":"type.googleapis.com/google.firestore.admin.v1.LocationMetadata"},"locationId":"asia-southeast2","displayName":"Jakarta"},{"name":"projects/medhive-12/locations/australia-southeast1","labels":{"appengine.googleapis.com/region":"australia-southeast1","cloud.googleapis.com/location":"australia-southeast1","cloud.googleapis.com/region":"australia-southeast1"},"metadata":{"@type":"type.googleapis.com/google.firestore.admin.v1.LocationMetadata"},"locationId":"australia-southeast1","displayName":"Sydney"},{"name":"projects/medhive-12/locations/australia-southeast2","labels":{"cloud.googleapis.com/location":"australia-southeast2","cloud.googleapis.com/region":"australia-southeast2"},"metadata":{"@type":"type.googleapis.com/google.firestore.admin.v1.LocationMetadata"},"locationId":"australia-southeast2","displayName":"Melbourne"},{"name":"projects/medhive-12/locations/europe-central2","labels":{"appengine.googleapis.com/region":"europe-central2","cloud.googleapis.com/location":"europe-central2","cloud.googleapis.com/region":"europe-central2"},"metadata":{"@type":"type.googleapis.com/google.firestore.admin.v1.LocationMetadata"},"locationId":"europe-central2","displayName":"Warsaw"},{"name":"projects/medhive-12/locations/europe-north1","labels":{"cloud.googleapis.com/location":"europe-north1","cloud.googleapis.com/region":"europe-north1"},"metadata":{"@type":"type.googleapis.com/google.firestore.admin.v1.LocationMetadata"},"locationId":"europe-north1","displayName":"Finland"},{"name":"projects/medhive-12/locations/europe-north2","labels":{"cloud.googleapis.com/location":"europe-north2","cloud.googleapis.com/region":"europe-north2"},"metadata":{"@type":"type.googleapis.com/google.firestore.admin.v1.LocationMetadata"},"locationId":"europe-north2","displayName":"Stockholm"},{"name":"projects/medhive-12/locations/europe-southwest1","labels":{"cloud.googleapis.com/location":"europe-southwest1","cloud.googleapis.com/region":"europe-southwest1"},"metadata":{"@type":"type.googleapis.com/google.firestore.admin.v1.LocationMetadata"},"locationId":"europe-southwest1","displayName":"Madrid"},{"name":"projects/medhive-12/locations/europe-west1","labels":{"cloud.googleapis.com/location":"europe-west1","cloud.googleapis.com/region":"europe-west1"},"metadata":{"@type":"type.googleapis.com/google.firestore.admin.v1.LocationMetadata"},"locationId":"europe-west1","displayName":"Belgium"},{"name":"projects/medhive-12/locations/europe-west10","labels":{"cloud.googleapis.com/location":"europe-west10","cloud.googleapis.com/region":"europe-west10"},"metadata":{"@type":"type.googleapis.com/google.firestore.admin.v1.LocationMetadata"},"locationId":"europe-west10","displayName":"Berlin"},{"name":"projects/medhive-12/locations/europe-west12","labels":{"cloud.googleapis.com/location":"europe-west12","cloud.googleapis.com/region":"europe-west12"},"metadata":{"@type":"type.googleapis.com/google.firestore.admin.v1.LocationMetadata"},"locationId":"europe-west12","displayName":"Turin"},{"name":"projects/medhive-12/locations/europe-west2","labels":{"appengine.googleapis.com/region":"europe-west2","cloud.googleapis.com/location":"europe-west2","cloud.googleapis.com/region":"europe-west2"},"metadata":{"@type":"type.googleapis.com/google.firestore.admin.v1.LocationMetadata"},"locationId":"europe-west2","displayName":"London"},{"name":"projects/medhive-12/locations/europe-west3","labels":{"appengine.googleapis.com/region":"europe-west3","cloud.googleapis.com/location":"europe-west3","cloud.googleapis.com/region":"europe-west3"},"metadata":{"@type":"type.googleapis.com/google.firestore.admin.v1.LocationMetadata"},"locationId":"europe-west3","displayName":"Frankfurt"},{"name":"projects/medhive-12/locations/europe-west4","labels":{"cloud.googleapis.com/location":"europe-west4","cloud.googleapis.com/region":"europe-west4"},"metadata":{"@type":"type.googleapis.com/google.firestore.admin.v1.LocationMetadata"},"locationId":"europe-west4","displayName":"Netherlands"},{"name":"projects/medhive-12/locations/europe-west6","labels":{"appengine.googleapis.com/region":"europe-west6","cloud.googleapis.com/location":"europe-west6","cloud.googleapis.com/region":"europe-west6"},"metadata":{"@type":"type.googleapis.com/google.firestore.admin.v1.LocationMetadata"},"locationId":"europe-west6","displayName":"Zurich"},{"name":"projects/medhive-12/locations/europe-west8","labels":{"cloud.googleapis.com/location":"europe-west8","cloud.googleapis.com/region":"europe-west8"},"metadata":{"@type":"type.googleapis.com/google.firestore.admin.v1.LocationMetadata"},"locationId":"europe-west8","displayName":"Milan"},{"name":"projects/medhive-12/locations/europe-west9","labels":{"cloud.googleapis.com/location":"europe-west9","cloud.googleapis.com/region":"europe-west9"},"metadata":{"@type":"type.googleapis.com/google.firestore.admin.v1.LocationMetadata"},"locationId":"europe-west9","displayName":"Paris"},{"name":"projects/medhive-12/locations/me-central1","labels":{"cloud.googleapis.com/location":"me-central1","cloud.googleapis.com/region":"me-central1"},"metadata":{"@type":"type.googleapis.com/google.firestore.admin.v1.LocationMetadata"},"locationId":"me-central1","displayName":"Doha"},{"name":"projects/medhive-12/locations/me-central2","labels":{"cloud.googleapis.com/location":"me-central2","cloud.googleapis.com/region":"me-central2"},"metadata":{"@type":"type.googleapis.com/google.firestore.admin.v1.LocationMetadata"},"locationId":"me-central2","displayName":"Dammam"},{"name":"projects/medhive-12/locations/me-west1","labels":{"cloud.googleapis.com/location":"me-west1","cloud.googleapis.com/region":"me-west1"},"metadata":{"@type":"type.googleapis.com/google.firestore.admin.v1.LocationMetadata"},"locationId":"me-west1","displayName":"Tel Aviv"},{"name":"projects/medhive-12/locations/northamerica-northeast1","labels":{"appengine.googleapis.com/region":"northamerica-northeast1","cloud.googleapis.com/location":"northamerica-northeast1","cloud.googleapis.com/region":"northamerica-northeast1"},"metadata":{"@type":"type.googleapis.com/google.firestore.admin.v1.LocationMetadata"},"locationId":"northamerica-northeast1","displayName":"Montréal"},{"name":"projects/medhive-12/locations/northamerica-northeast2","labels":{"cloud.googleapis.com/location":"northamerica-northeast2","cloud.googleapis.com/region":"northamerica-northeast2"},"metadata":{"@type":"type.googleapis.com/google.firestore.admin.v1.LocationMetadata"},"locationId":"northamerica-northeast2","displayName":"Toronto"},{"name":"projects/medhive-12/locations/northamerica-south1","labels":{"cloud.googleapis.com/location":"northamerica-south1","cloud.googleapis.com/region":"northamerica-south1"},"metadata":{"@type":"type.googleapis.com/google.firestore.admin.v1.LocationMetadata"},"locationId":"northamerica-south1","displayName":"Mexico"},{"name":"projects/medhive-12/locations/southamerica-east1","labels":{"appengine.googleapis.com/region":"southamerica-east1","cloud.googleapis.com/location":"southamerica-east1","cloud.googleapis.com/region":"southamerica-east1"},"metadata":{"@type":"type.googleapis.com/google.firestore.admin.v1.LocationMetadata"},"locationId":"southamerica-east1","displayName":"São Paulo"},{"name":"projects/medhive-12/locations/southamerica-west1","labels":{"cloud.googleapis.com/location":"southamerica-west1","cloud.googleapis.com/region":"southamerica-west1"},"metadata":{"@type":"type.googleapis.com/google.firestore.admin.v1.LocationMetadata"},"locationId":"southamerica-west1","displayName":"Santiago"},{"name":"projects/medhive-12/locations/us-central1","labels":{"cloud.googleapis.com/location":"us-central1","cloud.googleapis.com/region":"us-central1"},"metadata":{"@type":"type.googleapis.com/google.firestore.admin.v1.LocationMetadata"},"locationId":"us-central1","displayName":"Iowa"},{"name":"projects/medhive-12/locations/us-east1","labels":{"appengine.googleapis.com/region":"us-east1","cloud.googleapis.com/location":"us-east1","cloud.googleapis.com/region":"us-east1"},"metadata":{"@type":"type.googleapis.com/google.firestore.admin.v1.LocationMetadata"},"locationId":"us-east1","displayName":"South Carolina"},{"name":"projects/medhive-12/locations/us-east4","labels":{"appengine.googleapis.com/region":"us-east4","cloud.googleapis.com/location":"us-east4","cloud.googleapis.com/region":"us-east4"},"metadata":{"@type":"type.googleapis.com/google.firestore.admin.v1.LocationMetadata"},"locationId":"us-east4","displayName":"Northern Virginia"},{"name":"projects/medhive-12/locations/us-east5","labels":{"cloud.googleapis.com/location":"us-east5","cloud.googleapis.com/region":"us-east5"},"metadata":{"@type":"type.googleapis.com/google.firestore.admin.v1.LocationMetadata"},"locationId":"us-east5","displayName":"Columbus"},{"name":"projects/medhive-12/locations/us-south1","labels":{"cloud.googleapis.com/location":"us-south1","cloud.googleapis.com/region":"us-south1"},"metadata":{"@type":"type.googleapis.com/google.firestore.admin.v1.LocationMetadata"},"locationId":"us-south1","displayName":"Dallas"},{"name":"projects/medhive-12/locations/us-west1","labels":{"appengine.googleapis.com/region":"us-west1","cloud.googleapis.com/location":"us-west1","cloud.googleapis.com/region":"us-west1"},"metadata":{"@type":"type.googleapis.com/google.firestore.admin.v1.LocationMetadata"},"locationId":"us-west1","displayName":"Oregon"},{"name":"projects/medhive-12/locations/us-west2","labels":{"appengine.googleapis.com/region":"us-west2","cloud.googleapis.com/location":"us-west2","cloud.googleapis.com/region":"us-west2"},"metadata":{"@type":"type.googleapis.com/google.firestore.admin.v1.LocationMetadata"},"locationId":"us-west2","displayName":"Los Angeles"},{"name":"projects/medhive-12/locations/us-west3","labels":{"appengine.googleapis.com/region":"us-west3","cloud.googleapis.com/location":"us-west3","cloud.googleapis.com/region":"us-west3"},"metadata":{"@type":"type.googleapis.com/google.firestore.admin.v1.LocationMetadata"},"locationId":"us-west3","displayName":"Salt Lake City"},{"name":"projects/medhive-12/locations/us-west4","labels":{"appengine.googleapis.com/region":"us-west4","cloud.googleapis.com/location":"us-west4","cloud.googleapis.com/region":"us-west4"},"metadata":{"@type":"type.googleapis.com/google.firestore.admin.v1.LocationMetadata"},"locationId":"us-west4","displayName":"Las Vegas"}]}
[info] 
[info] Firestore Security Rules allow you to define how and when to allow
[info] requests. You can keep these rules in your project directory
[info] and publish them with firebase deploy.
[info] 
[debug] [2025-09-11T14:14:09.369Z] Checked if tokens are valid: true, expires at: 1757602775089
[debug] [2025-09-11T14:14:09.370Z] Checked if tokens are valid: true, expires at: 1757602775089
[debug] [2025-09-11T14:14:09.372Z] >>> [apiv2][query] GET https://firebaserules.googleapis.com/v1/projects/medhive-12/releases pageSize=10&pageToken=
[debug] [2025-09-11T14:14:10.489Z] <<< [apiv2][status] GET https://firebaserules.googleapis.com/v1/projects/medhive-12/releases 200
[debug] [2025-09-11T14:14:10.489Z] <<< [apiv2][body] GET https://firebaserules.googleapis.com/v1/projects/medhive-12/releases {}
[info] 
[info] Firestore indexes allow you to perform complex queries while
[info] maintaining performance that scales with the size of the result
[info] set. You can keep index definitions in your project directory
[info] and publish them with firebase deploy.
[info] 
[debug] [2025-09-11T14:14:13.243Z] Checked if tokens are valid: true, expires at: 1757602775089
[debug] [2025-09-11T14:14:13.243Z] Checked if tokens are valid: true, expires at: 1757602775089
[debug] [2025-09-11T14:14:13.243Z] Checked if tokens are valid: true, expires at: 1757602775089
[debug] [2025-09-11T14:14:13.243Z] Checked if tokens are valid: true, expires at: 1757602775089
[debug] [2025-09-11T14:14:13.243Z] >>> [apiv2][query] GET https://firestore.googleapis.com/v1/projects/medhive-12/databases/(default)/collectionGroups/-/indexes [none]
[debug] [2025-09-11T14:14:13.244Z] >>> [apiv2][query] GET https://firestore.googleapis.com/v1/projects/medhive-12/databases/(default)/collectionGroups/-/fields?filter=indexConfig.usesAncestorConfig=false OR ttlConfig:* [none]
[debug] [2025-09-11T14:14:13.632Z] <<< [apiv2][status] GET https://firestore.googleapis.com/v1/projects/medhive-12/databases/(default)/collectionGroups/-/indexes 404
[debug] [2025-09-11T14:14:13.632Z] <<< [apiv2][body] GET https://firestore.googleapis.com/v1/projects/medhive-12/databases/(default)/collectionGroups/-/indexes {"error":{"code":404,"message":"Project 'medhive-12' or database '(default)' does not exist.","status":"NOT_FOUND"}}
[info] ✔  Wrote firestore.rules 
[info] ✔  Wrote firestore.indexes.json 
[debug] [2025-09-11T14:14:13.642Z] <<< [apiv2][status] GET https://firestore.googleapis.com/v1/projects/medhive-12/databases/(default)/collectionGroups/-/fields?filter=indexConfig.usesAncestorConfig=false OR ttlConfig:* 404
[debug] [2025-09-11T14:14:13.642Z] <<< [apiv2][body] GET https://firestore.googleapis.com/v1/projects/medhive-12/databases/(default)/collectionGroups/-/fields?filter=indexConfig.usesAncestorConfig=false OR ttlConfig:* {"error":{"code":404,"message":"Project 'medhive-12' or database '(default)' does not exist.","status":"NOT_FOUND"}}
[info] 
=== Genkit Setup
[debug] [2025-09-11T14:14:25.855Z] > command requires scopes: ["email","openid","https://www.googleapis.com/auth/cloudplatformprojects.readonly","https://www.googleapis.com/auth/firebase","https://www.googleapis.com/auth/cloud-platform"]
[debug] [2025-09-11T14:14:25.856Z] > authorizing via signed-in user (medhive0@gmail.com)
[debug] [2025-09-11T14:14:25.856Z] [iam] checking project medhive-12 for permissions ["firebase.projects.get"]
[debug] [2025-09-11T14:14:25.857Z] Checked if tokens are valid: true, expires at: 1757602775089
[debug] [2025-09-11T14:14:25.857Z] Checked if tokens are valid: true, expires at: 1757602775089
[debug] [2025-09-11T14:14:25.858Z] >>> [apiv2][query] POST https://cloudresourcemanager.googleapis.com/v1/projects/medhive-12:testIamPermissions [none]
[debug] [2025-09-11T14:14:25.858Z] >>> [apiv2][(partial)header] POST https://cloudresourcemanager.googleapis.com/v1/projects/medhive-12:testIamPermissions x-goog-quota-user=projects/medhive-12
[debug] [2025-09-11T14:14:25.858Z] >>> [apiv2][body] POST https://cloudresourcemanager.googleapis.com/v1/projects/medhive-12:testIamPermissions {"permissions":["firebase.projects.get"]}
[debug] [2025-09-11T14:14:27.081Z] <<< [apiv2][status] POST https://cloudresourcemanager.googleapis.com/v1/projects/medhive-12:testIamPermissions 200
[debug] [2025-09-11T14:14:27.081Z] <<< [apiv2][body] POST https://cloudresourcemanager.googleapis.com/v1/projects/medhive-12:testIamPermissions {"permissions":["firebase.projects.get"]}
[debug] [2025-09-11T14:14:27.083Z] Checked if tokens are valid: true, expires at: 1757602775089
[debug] [2025-09-11T14:14:27.083Z] Checked if tokens are valid: true, expires at: 1757602775089
[debug] [2025-09-11T14:14:27.083Z] Checked if tokens are valid: true, expires at: 1757602775089
[debug] [2025-09-11T14:14:27.083Z] Checked if tokens are valid: true, expires at: 1757602775089
[debug] [2025-09-11T14:14:27.083Z] >>> [apiv2][query] GET https://serviceusage.googleapis.com/v1/projects/medhive-12/services/cloudfunctions.googleapis.com [none]
[debug] [2025-09-11T14:14:27.083Z] >>> [apiv2][(partial)header] GET https://serviceusage.googleapis.com/v1/projects/medhive-12/services/cloudfunctions.googleapis.com x-goog-quota-user=projects/medhive-12
[debug] [2025-09-11T14:14:27.086Z] >>> [apiv2][query] GET https://serviceusage.googleapis.com/v1/projects/medhive-12/services/runtimeconfig.googleapis.com [none]
[debug] [2025-09-11T14:14:27.086Z] >>> [apiv2][(partial)header] GET https://serviceusage.googleapis.com/v1/projects/medhive-12/services/runtimeconfig.googleapis.com x-goog-quota-user=projects/medhive-12
[debug] [2025-09-11T14:14:28.207Z] <<< [apiv2][status] GET https://serviceusage.googleapis.com/v1/projects/medhive-12/services/runtimeconfig.googleapis.com 200
[debug] [2025-09-11T14:14:28.208Z] <<< [apiv2][body] GET https://serviceusage.googleapis.com/v1/projects/medhive-12/services/runtimeconfig.googleapis.com [omitted]
[debug] [2025-09-11T14:14:28.565Z] <<< [apiv2][status] GET https://serviceusage.googleapis.com/v1/projects/medhive-12/services/cloudfunctions.googleapis.com 200
[debug] [2025-09-11T14:14:28.565Z] <<< [apiv2][body] GET https://serviceusage.googleapis.com/v1/projects/medhive-12/services/cloudfunctions.googleapis.com [omitted]
[debug] [2025-09-11T14:14:28.566Z] Checked if tokens are valid: true, expires at: 1757602775089
[debug] [2025-09-11T14:14:28.566Z] Checked if tokens are valid: true, expires at: 1757602775089
[debug] [2025-09-11T14:14:28.566Z] >>> [apiv2][query] POST https://serviceusage.googleapis.com/v1/projects/medhive-12/services/cloudfunctions.googleapis.com:enable [none]
[debug] [2025-09-11T14:14:28.566Z] >>> [apiv2][(partial)header] POST https://serviceusage.googleapis.com/v1/projects/medhive-12/services/cloudfunctions.googleapis.com:enable x-goog-quota-user=projects/medhive-12
[debug] [2025-09-11T14:14:30.058Z] <<< [apiv2][status] POST https://serviceusage.googleapis.com/v1/projects/medhive-12/services/cloudfunctions.googleapis.com:enable 200
[debug] [2025-09-11T14:14:30.058Z] <<< [apiv2][body] POST https://serviceusage.googleapis.com/v1/projects/medhive-12/services/cloudfunctions.googleapis.com:enable [omitted]
[info] Let's create a new codebase for your functions.
[info] A directory corresponding to the codebase will be created in your project
[info] with sample code pre-configured.

[info] See https://firebase.google.com/docs/functions/organize-functions for
[info] more information on organizing your functions using codebases.

[info] Functions can be deployed with firebase deploy.

[info] ✔  Wrote functions/package.json 
[info] ✔  Wrote functions/.eslintrc.js 
[info] ✔  Wrote functions/tsconfig.dev.json 
[info] ✔  Wrote functions/tsconfig.json 
[info] ✔  Wrote functions/src/index.ts 
[info] ✔  Wrote functions/.gitignore 
[info] 
[error] NPM install failed, continuing with Firebase initialization...
[info] 
[info] i  genkit: Installing Genkit CLI version 1.19.2
 
[error] ⬢  genkit: Genkit initialization failed: Error: spawn(npm, [install, genkit-cli@1.19.2
, --save-dev]) 
 exited with code: 1 
[info] 
=== Functions Setup
[debug] [2025-09-11T14:16:00.820Z] > command requires scopes: ["email","openid","https://www.googleapis.com/auth/cloudplatformprojects.readonly","https://www.googleapis.com/auth/firebase","https://www.googleapis.com/auth/cloud-platform"]
[debug] [2025-09-11T14:16:00.820Z] > authorizing via signed-in user (medhive0@gmail.com)
[debug] [2025-09-11T14:16:00.820Z] [iam] checking project medhive-12 for permissions ["firebase.projects.get"]
[debug] [2025-09-11T14:16:00.821Z] Checked if tokens are valid: true, expires at: 1757602775089
[debug] [2025-09-11T14:16:00.821Z] Checked if tokens are valid: true, expires at: 1757602775089
[debug] [2025-09-11T14:16:00.821Z] >>> [apiv2][query] POST https://cloudresourcemanager.googleapis.com/v1/projects/medhive-12:testIamPermissions [none]
[debug] [2025-09-11T14:16:00.821Z] >>> [apiv2][(partial)header] POST https://cloudresourcemanager.googleapis.com/v1/projects/medhive-12:testIamPermissions x-goog-quota-user=projects/medhive-12
[debug] [2025-09-11T14:16:00.821Z] >>> [apiv2][body] POST https://cloudresourcemanager.googleapis.com/v1/projects/medhive-12:testIamPermissions {"permissions":["firebase.projects.get"]}
[debug] [2025-09-11T14:16:01.897Z] <<< [apiv2][status] POST https://cloudresourcemanager.googleapis.com/v1/projects/medhive-12:testIamPermissions 200
[debug] [2025-09-11T14:16:01.897Z] <<< [apiv2][body] POST https://cloudresourcemanager.googleapis.com/v1/projects/medhive-12:testIamPermissions {"permissions":["firebase.projects.get"]}
[info] 
Detected existing codebase(s): default

[info] 
Overwriting codebase default...

[debug] [2025-09-11T15:31:56.142Z] ExitPromptError: User force closed the prompt with SIGINT
    at Interface.sigint (/usr/local/lib/node_modules/firebase-tools/node_modules/@inquirer/core/dist/commonjs/lib/create-prompt.js:101:37)
    at Interface.emit (node:events:519:28)
    at Interface.emit (node:domain:489:12)
    at [_ttyWrite] [as _ttyWrite] (node:internal/readline/interface:1132:18)
    at ReadStream.onkeypress (node:internal/readline/interface:271:20)
    at ReadStream.emit (node:events:531:35)
    at ReadStream.emit (node:domain:489:12)
    at emitKeys (node:internal/readline/utils:370:14)
    at emitKeys.next (<anonymous>)
    at ReadStream.onData (node:internal/readline/emitKeypressEvents:64:36)
[error] 
[error] Error: An unexpected error has occurred.
[debug] [2025-09-11T15:32:25.846Z] ----------------------------------------------------------------------
[debug] [2025-09-11T15:32:25.848Z] Command:       /usr/local/bin/node /usr/local/bin/firebase init
[debug] [2025-09-11T15:32:25.848Z] CLI Version:   14.16.0
[debug] [2025-09-11T15:32:25.848Z] Platform:      darwin
[debug] [2025-09-11T15:32:25.848Z] Node Version:  v22.19.0
[debug] [2025-09-11T15:32:25.848Z] Time:          Thu Sep 11 2025 18:32:25 GMT+0300 (Eastern European Summer Time)
[debug] [2025-09-11T15:32:25.848Z] ----------------------------------------------------------------------
[debug] 
[debug] [2025-09-11T15:32:25.850Z] > command requires scopes: ["email","openid","https://www.googleapis.com/auth/cloudplatformprojects.readonly","https://www.googleapis.com/auth/firebase","https://www.googleapis.com/auth/cloud-platform"]
[debug] [2025-09-11T15:32:25.850Z] > authorizing via signed-in user (medhive0@gmail.com)
[info] 
     ######## #### ########  ######## ########     ###     ######  ########
     ##        ##  ##     ## ##       ##     ##  ##   ##  ##       ##
     ######    ##  ########  ######   ########  #########  ######  ######
     ##        ##  ##    ##  ##       ##     ## ##     ##       ## ##
     ##       #### ##     ## ######## ########  ##     ##  ######  ########

You're about to initialize a Firebase project in this directory:

  /Users/admin/Documents/medhive/MedHive

[info] 
=== Project Setup
[info] 
[info] First, let's associate this project directory with a Firebase project.
[info] You can create multiple project aliases by running firebase use --add, 
[info] but for now we'll just set up a default project.
[info] 
[debug] [2025-09-11T15:33:01.592Z] Using project from CLI flag: medhive-12
[debug] [2025-09-11T15:33:01.593Z] Checked if tokens are valid: false, expires at: 1757602775089
[debug] [2025-09-11T15:33:01.593Z] Checked if tokens are valid: false, expires at: 1757602775089
[debug] [2025-09-11T15:33:01.593Z] > refreshing access token with scopes: []
[debug] [2025-09-11T15:33:01.596Z] >>> [apiv2][query] POST https://www.googleapis.com/oauth2/v3/token [none]
[debug] [2025-09-11T15:33:01.596Z] >>> [apiv2][body] POST https://www.googleapis.com/oauth2/v3/token [omitted]
[debug] [2025-09-11T15:33:01.893Z] <<< [apiv2][status] POST https://www.googleapis.com/oauth2/v3/token 200
[debug] [2025-09-11T15:33:01.893Z] <<< [apiv2][body] POST https://www.googleapis.com/oauth2/v3/token [omitted]
[debug] [2025-09-11T15:33:01.906Z] >>> [apiv2][query] GET https://firebase.googleapis.com/v1beta1/projects/medhive-12 [none]
[debug] [2025-09-11T15:33:02.447Z] <<< [apiv2][status] GET https://firebase.googleapis.com/v1beta1/projects/medhive-12 200
[debug] [2025-09-11T15:33:02.448Z] <<< [apiv2][body] GET https://firebase.googleapis.com/v1beta1/projects/medhive-12 {"projectId":"medhive-12","projectNumber":"457478913026","displayName":"medhive-12","name":"projects/medhive-12","resources":{"hostingSite":"medhive-12"},"state":"ACTIVE","etag":"1_98aa73f7-684f-4e36-8ff9-d3da5fea9479"}
[info] i  Using project medhive-12 (medhive-12) 
[info] 
=== Dataconnect Setup
[debug] [2025-09-11T15:33:02.636Z] Checked if tokens are valid: true, expires at: 1757608380893
[debug] [2025-09-11T15:33:02.636Z] Checked if tokens are valid: true, expires at: 1757608380893
[debug] [2025-09-11T15:33:02.636Z] >>> [apiv2][query] GET https://cloudbilling.googleapis.com/v1/projects/medhive-12/billingInfo [none]
[debug] [2025-09-11T15:33:03.130Z] <<< [apiv2][status] GET https://cloudbilling.googleapis.com/v1/projects/medhive-12/billingInfo 200
[debug] [2025-09-11T15:33:03.130Z] <<< [apiv2][body] GET https://cloudbilling.googleapis.com/v1/projects/medhive-12/billingInfo {"name":"projects/medhive-12/billingInfo","projectId":"medhive-12","billingAccountName":"","billingEnabled":false}
[info] i  dataconnect: ensuring required API firebasedataconnect.googleapis.com is enabled... 
[info] i  dataconnect: ensuring required API sqladmin.googleapis.com is enabled... 
[debug] [2025-09-11T15:33:03.132Z] Checked if tokens are valid: true, expires at: 1757608380893
[debug] [2025-09-11T15:33:03.132Z] Checked if tokens are valid: true, expires at: 1757608380893
[debug] [2025-09-11T15:33:03.132Z] >>> [apiv2][query] GET https://firebasedataconnect.googleapis.com/v1/projects/medhive-12/locations/-/services [none]
[debug] [2025-09-11T15:33:04.411Z] <<< [apiv2][status] GET https://firebasedataconnect.googleapis.com/v1/projects/medhive-12/locations/-/services 200
[debug] [2025-09-11T15:33:04.411Z] <<< [apiv2][body] GET https://firebasedataconnect.googleapis.com/v1/projects/medhive-12/locations/-/services {}
[info] ✔  dataconnect: Detected existing apps functions (web), . (flutter) 
[debug] [2025-09-11T15:33:26.080Z] Checked if tokens are valid: true, expires at: 1757608380893
[debug] [2025-09-11T15:33:26.081Z] Checked if tokens are valid: true, expires at: 1757608380893
[debug] [2025-09-11T15:33:26.081Z] >>> [apiv2][query] GET https://firebasedataconnect.googleapis.com/v1/projects/medhive-12/locations/us-central1/services/medhive/schemas/main [none]
[debug] [2025-09-11T15:33:27.140Z] <<< [apiv2][status] GET https://firebasedataconnect.googleapis.com/v1/projects/medhive-12/locations/us-central1/services/medhive/schemas/main 404
[debug] [2025-09-11T15:33:27.140Z] <<< [apiv2][body] GET https://firebasedataconnect.googleapis.com/v1/projects/medhive-12/locations/us-central1/services/medhive/schemas/main {"error":{"code":404,"message":"Resource 'projects/medhive-12/locations/us-central1/services/medhive/schemas/main' was not found","status":"NOT_FOUND","details":[{"@type":"type.googleapis.com/google.rpc.ResourceInfo","resourceName":"projects/medhive-12/locations/us-central1/services/medhive/schemas/main"}]}}
[info] i  dataconnect/dataconnect.yaml is unchanged 
[info] i  dataconnect/schema/schema.gql is unchanged 
[info] i  Skipping write of dataconnect/example/connector.yaml 
[info] i  dataconnect/example/queries.gql is unchanged 
[info] i  dataconnect/example/mutations.gql is unchanged 
[info] ✔  Wrote dataconnect/example/connector.yaml 
[info] i  dataconnect: Installing the generated SDKs ... 
[debug] [2025-09-11T15:33:40.525Z] defaultcredentials: writing to file /Users/admin/.config/firebase/medhive0_gmail_com_application_default_credentials.json
[error] ⬢  dataconnect: Failed to generate Data Connect SDKs
Unknown system error when running the Data Connect toolkit. You may be able to fix this by installing Rosetta: softwareupdate --install-rosetta 
[info] ✔  dataconnect: Installed generated SDKs for functions (web), . (flutter) 
[info] 
=== Firestore Setup
[info] i  firestore: ensuring required API firestore.googleapis.com is enabled... 
[debug] [2025-09-11T15:33:40.641Z] Checked if tokens are valid: true, expires at: 1757608380893
[debug] [2025-09-11T15:33:40.641Z] Checked if tokens are valid: true, expires at: 1757608380893
[debug] [2025-09-11T15:33:40.641Z] >>> [apiv2][query] GET https://firestore.googleapis.com/v1/projects/medhive-12/databases [none]
[debug] [2025-09-11T15:33:41.356Z] <<< [apiv2][status] GET https://firestore.googleapis.com/v1/projects/medhive-12/databases 200
[debug] [2025-09-11T15:33:41.356Z] <<< [apiv2][body] GET https://firestore.googleapis.com/v1/projects/medhive-12/databases {}
[debug] [2025-09-11T15:33:41.356Z] Checked if tokens are valid: true, expires at: 1757608380893
[debug] [2025-09-11T15:33:41.356Z] Checked if tokens are valid: true, expires at: 1757608380893
[debug] [2025-09-11T15:33:41.357Z] >>> [apiv2][query] GET https://firestore.googleapis.com/v1/projects/medhive-12/locations [none]
[debug] [2025-09-11T15:33:41.489Z] <<< [apiv2][status] GET https://firestore.googleapis.com/v1/projects/medhive-12/locations 200
[debug] [2025-09-11T15:33:41.490Z] <<< [apiv2][body] GET https://firestore.googleapis.com/v1/projects/medhive-12/locations {"locations":[{"name":"projects/medhive-12/locations/eur3","labels":{"appengine.googleapis.com/geo":"europe-west","cloud.googleapis.com/location":"eur3","cloud.googleapis.com/geo":"eur3"},"metadata":{"@type":"type.googleapis.com/google.firestore.admin.v1.LocationMetadata"},"locationId":"eur3","displayName":"Europe"},{"name":"projects/medhive-12/locations/nam5","labels":{"appengine.googleapis.com/geo":"us-central","cloud.googleapis.com/location":"nam5","cloud.googleapis.com/geo":"nam5"},"metadata":{"@type":"type.googleapis.com/google.firestore.admin.v1.LocationMetadata"},"locationId":"nam5","displayName":"United States"},{"name":"projects/medhive-12/locations/nam7","labels":{"cloud.googleapis.com/location":"nam7","cloud.googleapis.com/geo":"nam7"},"metadata":{"@type":"type.googleapis.com/google.firestore.admin.v1.LocationMetadata"},"locationId":"nam7","displayName":"United States"},{"name":"projects/medhive-12/locations/africa-south1","labels":{"cloud.googleapis.com/location":"africa-south1","cloud.googleapis.com/region":"africa-south1"},"metadata":{"@type":"type.googleapis.com/google.firestore.admin.v1.LocationMetadata"},"locationId":"africa-south1","displayName":"Johannesburg"},{"name":"projects/medhive-12/locations/asia-east1","labels":{"appengine.googleapis.com/region":"asia-east1","cloud.googleapis.com/location":"asia-east1","cloud.googleapis.com/region":"asia-east1"},"metadata":{"@type":"type.googleapis.com/google.firestore.admin.v1.LocationMetadata"},"locationId":"asia-east1","displayName":"Taiwan"},{"name":"projects/medhive-12/locations/asia-east2","labels":{"appengine.googleapis.com/region":"asia-east2","cloud.googleapis.com/location":"asia-east2","cloud.googleapis.com/region":"asia-east2"},"metadata":{"@type":"type.googleapis.com/google.firestore.admin.v1.LocationMetadata"},"locationId":"asia-east2","displayName":"Hong Kong"},{"name":"projects/medhive-12/locations/asia-northeast1","labels":{"appengine.googleapis.com/region":"asia-northeast1","cloud.googleapis.com/location":"asia-northeast1","cloud.googleapis.com/region":"asia-northeast1"},"metadata":{"@type":"type.googleapis.com/google.firestore.admin.v1.LocationMetadata"},"locationId":"asia-northeast1","displayName":"Tokyo"},{"name":"projects/medhive-12/locations/asia-northeast2","labels":{"appengine.googleapis.com/region":"asia-northeast2","cloud.googleapis.com/location":"asia-northeast2","cloud.googleapis.com/region":"asia-northeast2"},"metadata":{"@type":"type.googleapis.com/google.firestore.admin.v1.LocationMetadata"},"locationId":"asia-northeast2","displayName":"Osaka"},{"name":"projects/medhive-12/locations/asia-northeast3","labels":{"appengine.googleapis.com/region":"asia-northeast3","cloud.googleapis.com/location":"asia-northeast3","cloud.googleapis.com/region":"asia-northeast3"},"metadata":{"@type":"type.googleapis.com/google.firestore.admin.v1.LocationMetadata"},"locationId":"asia-northeast3","displayName":"Seoul"},{"name":"projects/medhive-12/locations/asia-south1","labels":{"appengine.googleapis.com/region":"asia-south1","cloud.googleapis.com/location":"asia-south1","cloud.googleapis.com/region":"asia-south1"},"metadata":{"@type":"type.googleapis.com/google.firestore.admin.v1.LocationMetadata"},"locationId":"asia-south1","displayName":"Mumbai"},{"name":"projects/medhive-12/locations/asia-south2","labels":{"cloud.googleapis.com/location":"asia-south2","cloud.googleapis.com/region":"asia-south2"},"metadata":{"@type":"type.googleapis.com/google.firestore.admin.v1.LocationMetadata"},"locationId":"asia-south2","displayName":"Delhi"},{"name":"projects/medhive-12/locations/asia-southeast1","labels":{"appengine.googleapis.com/region":"asia-southeast1","cloud.googleapis.com/location":"asia-southeast1","cloud.googleapis.com/region":"asia-southeast1"},"metadata":{"@type":"type.googleapis.com/google.firestore.admin.v1.LocationMetadata"},"locationId":"asia-southeast1","displayName":"Singapore"},{"name":"projects/medhive-12/locations/asia-southeast2","labels":{"appengine.googleapis.com/region":"asia-southeast2","cloud.googleapis.com/location":"asia-southeast2","cloud.googleapis.com/region":"asia-southeast2"},"metadata":{"@type":"type.googleapis.com/google.firestore.admin.v1.LocationMetadata"},"locationId":"asia-southeast2","displayName":"Jakarta"},{"name":"projects/medhive-12/locations/australia-southeast1","labels":{"appengine.googleapis.com/region":"australia-southeast1","cloud.googleapis.com/location":"australia-southeast1","cloud.googleapis.com/region":"australia-southeast1"},"metadata":{"@type":"type.googleapis.com/google.firestore.admin.v1.LocationMetadata"},"locationId":"australia-southeast1","displayName":"Sydney"},{"name":"projects/medhive-12/locations/australia-southeast2","labels":{"cloud.googleapis.com/location":"australia-southeast2","cloud.googleapis.com/region":"australia-southeast2"},"metadata":{"@type":"type.googleapis.com/google.firestore.admin.v1.LocationMetadata"},"locationId":"australia-southeast2","displayName":"Melbourne"},{"name":"projects/medhive-12/locations/europe-central2","labels":{"appengine.googleapis.com/region":"europe-central2","cloud.googleapis.com/location":"europe-central2","cloud.googleapis.com/region":"europe-central2"},"metadata":{"@type":"type.googleapis.com/google.firestore.admin.v1.LocationMetadata"},"locationId":"europe-central2","displayName":"Warsaw"},{"name":"projects/medhive-12/locations/europe-north1","labels":{"cloud.googleapis.com/location":"europe-north1","cloud.googleapis.com/region":"europe-north1"},"metadata":{"@type":"type.googleapis.com/google.firestore.admin.v1.LocationMetadata"},"locationId":"europe-north1","displayName":"Finland"},{"name":"projects/medhive-12/locations/europe-north2","labels":{"cloud.googleapis.com/location":"europe-north2","cloud.googleapis.com/region":"europe-north2"},"metadata":{"@type":"type.googleapis.com/google.firestore.admin.v1.LocationMetadata"},"locationId":"europe-north2","displayName":"Stockholm"},{"name":"projects/medhive-12/locations/europe-southwest1","labels":{"cloud.googleapis.com/location":"europe-southwest1","cloud.googleapis.com/region":"europe-southwest1"},"metadata":{"@type":"type.googleapis.com/google.firestore.admin.v1.LocationMetadata"},"locationId":"europe-southwest1","displayName":"Madrid"},{"name":"projects/medhive-12/locations/europe-west1","labels":{"cloud.googleapis.com/location":"europe-west1","cloud.googleapis.com/region":"europe-west1"},"metadata":{"@type":"type.googleapis.com/google.firestore.admin.v1.LocationMetadata"},"locationId":"europe-west1","displayName":"Belgium"},{"name":"projects/medhive-12/locations/europe-west10","labels":{"cloud.googleapis.com/location":"europe-west10","cloud.googleapis.com/region":"europe-west10"},"metadata":{"@type":"type.googleapis.com/google.firestore.admin.v1.LocationMetadata"},"locationId":"europe-west10","displayName":"Berlin"},{"name":"projects/medhive-12/locations/europe-west12","labels":{"cloud.googleapis.com/location":"europe-west12","cloud.googleapis.com/region":"europe-west12"},"metadata":{"@type":"type.googleapis.com/google.firestore.admin.v1.LocationMetadata"},"locationId":"europe-west12","displayName":"Turin"},{"name":"projects/medhive-12/locations/europe-west2","labels":{"appengine.googleapis.com/region":"europe-west2","cloud.googleapis.com/location":"europe-west2","cloud.googleapis.com/region":"europe-west2"},"metadata":{"@type":"type.googleapis.com/google.firestore.admin.v1.LocationMetadata"},"locationId":"europe-west2","displayName":"London"},{"name":"projects/medhive-12/locations/europe-west3","labels":{"appengine.googleapis.com/region":"europe-west3","cloud.googleapis.com/location":"europe-west3","cloud.googleapis.com/region":"europe-west3"},"metadata":{"@type":"type.googleapis.com/google.firestore.admin.v1.LocationMetadata"},"locationId":"europe-west3","displayName":"Frankfurt"},{"name":"projects/medhive-12/locations/europe-west4","labels":{"cloud.googleapis.com/location":"europe-west4","cloud.googleapis.com/region":"europe-west4"},"metadata":{"@type":"type.googleapis.com/google.firestore.admin.v1.LocationMetadata"},"locationId":"europe-west4","displayName":"Netherlands"},{"name":"projects/medhive-12/locations/europe-west6","labels":{"appengine.googleapis.com/region":"europe-west6","cloud.googleapis.com/location":"europe-west6","cloud.googleapis.com/region":"europe-west6"},"metadata":{"@type":"type.googleapis.com/google.firestore.admin.v1.LocationMetadata"},"locationId":"europe-west6","displayName":"Zurich"},{"name":"projects/medhive-12/locations/europe-west8","labels":{"cloud.googleapis.com/location":"europe-west8","cloud.googleapis.com/region":"europe-west8"},"metadata":{"@type":"type.googleapis.com/google.firestore.admin.v1.LocationMetadata"},"locationId":"europe-west8","displayName":"Milan"},{"name":"projects/medhive-12/locations/europe-west9","labels":{"cloud.googleapis.com/location":"europe-west9","cloud.googleapis.com/region":"europe-west9"},"metadata":{"@type":"type.googleapis.com/google.firestore.admin.v1.LocationMetadata"},"locationId":"europe-west9","displayName":"Paris"},{"name":"projects/medhive-12/locations/me-central1","labels":{"cloud.googleapis.com/location":"me-central1","cloud.googleapis.com/region":"me-central1"},"metadata":{"@type":"type.googleapis.com/google.firestore.admin.v1.LocationMetadata"},"locationId":"me-central1","displayName":"Doha"},{"name":"projects/medhive-12/locations/me-central2","labels":{"cloud.googleapis.com/location":"me-central2","cloud.googleapis.com/region":"me-central2"},"metadata":{"@type":"type.googleapis.com/google.firestore.admin.v1.LocationMetadata"},"locationId":"me-central2","displayName":"Dammam"},{"name":"projects/medhive-12/locations/me-west1","labels":{"cloud.googleapis.com/location":"me-west1","cloud.googleapis.com/region":"me-west1"},"metadata":{"@type":"type.googleapis.com/google.firestore.admin.v1.LocationMetadata"},"locationId":"me-west1","displayName":"Tel Aviv"},{"name":"projects/medhive-12/locations/northamerica-northeast1","labels":{"appengine.googleapis.com/region":"northamerica-northeast1","cloud.googleapis.com/location":"northamerica-northeast1","cloud.googleapis.com/region":"northamerica-northeast1"},"metadata":{"@type":"type.googleapis.com/google.firestore.admin.v1.LocationMetadata"},"locationId":"northamerica-northeast1","displayName":"Montréal"},{"name":"projects/medhive-12/locations/northamerica-northeast2","labels":{"cloud.googleapis.com/location":"northamerica-northeast2","cloud.googleapis.com/region":"northamerica-northeast2"},"metadata":{"@type":"type.googleapis.com/google.firestore.admin.v1.LocationMetadata"},"locationId":"northamerica-northeast2","displayName":"Toronto"},{"name":"projects/medhive-12/locations/northamerica-south1","labels":{"cloud.googleapis.com/location":"northamerica-south1","cloud.googleapis.com/region":"northamerica-south1"},"metadata":{"@type":"type.googleapis.com/google.firestore.admin.v1.LocationMetadata"},"locationId":"northamerica-south1","displayName":"Mexico"},{"name":"projects/medhive-12/locations/southamerica-east1","labels":{"appengine.googleapis.com/region":"southamerica-east1","cloud.googleapis.com/location":"southamerica-east1","cloud.googleapis.com/region":"southamerica-east1"},"metadata":{"@type":"type.googleapis.com/google.firestore.admin.v1.LocationMetadata"},"locationId":"southamerica-east1","displayName":"São Paulo"},{"name":"projects/medhive-12/locations/southamerica-west1","labels":{"cloud.googleapis.com/location":"southamerica-west1","cloud.googleapis.com/region":"southamerica-west1"},"metadata":{"@type":"type.googleapis.com/google.firestore.admin.v1.LocationMetadata"},"locationId":"southamerica-west1","displayName":"Santiago"},{"name":"projects/medhive-12/locations/us-central1","labels":{"cloud.googleapis.com/location":"us-central1","cloud.googleapis.com/region":"us-central1"},"metadata":{"@type":"type.googleapis.com/google.firestore.admin.v1.LocationMetadata"},"locationId":"us-central1","displayName":"Iowa"},{"name":"projects/medhive-12/locations/us-east1","labels":{"appengine.googleapis.com/region":"us-east1","cloud.googleapis.com/location":"us-east1","cloud.googleapis.com/region":"us-east1"},"metadata":{"@type":"type.googleapis.com/google.firestore.admin.v1.LocationMetadata"},"locationId":"us-east1","displayName":"South Carolina"},{"name":"projects/medhive-12/locations/us-east4","labels":{"appengine.googleapis.com/region":"us-east4","cloud.googleapis.com/location":"us-east4","cloud.googleapis.com/region":"us-east4"},"metadata":{"@type":"type.googleapis.com/google.firestore.admin.v1.LocationMetadata"},"locationId":"us-east4","displayName":"Northern Virginia"},{"name":"projects/medhive-12/locations/us-east5","labels":{"cloud.googleapis.com/location":"us-east5","cloud.googleapis.com/region":"us-east5"},"metadata":{"@type":"type.googleapis.com/google.firestore.admin.v1.LocationMetadata"},"locationId":"us-east5","displayName":"Columbus"},{"name":"projects/medhive-12/locations/us-south1","labels":{"cloud.googleapis.com/location":"us-south1","cloud.googleapis.com/region":"us-south1"},"metadata":{"@type":"type.googleapis.com/google.firestore.admin.v1.LocationMetadata"},"locationId":"us-south1","displayName":"Dallas"},{"name":"projects/medhive-12/locations/us-west1","labels":{"appengine.googleapis.com/region":"us-west1","cloud.googleapis.com/location":"us-west1","cloud.googleapis.com/region":"us-west1"},"metadata":{"@type":"type.googleapis.com/google.firestore.admin.v1.LocationMetadata"},"locationId":"us-west1","displayName":"Oregon"},{"name":"projects/medhive-12/locations/us-west2","labels":{"appengine.googleapis.com/region":"us-west2","cloud.googleapis.com/location":"us-west2","cloud.googleapis.com/region":"us-west2"},"metadata":{"@type":"type.googleapis.com/google.firestore.admin.v1.LocationMetadata"},"locationId":"us-west2","displayName":"Los Angeles"},{"name":"projects/medhive-12/locations/us-west3","labels":{"appengine.googleapis.com/region":"us-west3","cloud.googleapis.com/location":"us-west3","cloud.googleapis.com/region":"us-west3"},"metadata":{"@type":"type.googleapis.com/google.firestore.admin.v1.LocationMetadata"},"locationId":"us-west3","displayName":"Salt Lake City"},{"name":"projects/medhive-12/locations/us-west4","labels":{"appengine.googleapis.com/region":"us-west4","cloud.googleapis.com/location":"us-west4","cloud.googleapis.com/region":"us-west4"},"metadata":{"@type":"type.googleapis.com/google.firestore.admin.v1.LocationMetadata"},"locationId":"us-west4","displayName":"Las Vegas"}]}
[info] 
[info] Firestore Security Rules allow you to define how and when to allow
[info] requests. You can keep these rules in your project directory
[info] and publish them with firebase deploy.
[info] 
[debug] [2025-09-11T15:33:50.547Z] Checked if tokens are valid: true, expires at: 1757608380893
[debug] [2025-09-11T15:33:50.548Z] Checked if tokens are valid: true, expires at: 1757608380893
[debug] [2025-09-11T15:33:50.550Z] >>> [apiv2][query] GET https://firebaserules.googleapis.com/v1/projects/medhive-12/releases pageSize=10&pageToken=
[debug] [2025-09-11T15:33:51.427Z] <<< [apiv2][status] GET https://firebaserules.googleapis.com/v1/projects/medhive-12/releases 200
[debug] [2025-09-11T15:33:51.427Z] <<< [apiv2][body] GET https://firebaserules.googleapis.com/v1/projects/medhive-12/releases {}
[info] i  firestore.rules is unchanged 
[info] 
[info] Firestore indexes allow you to perform complex queries while
[info] maintaining performance that scales with the size of the result
[info] set. You can keep index definitions in your project directory
[info] and publish them with firebase deploy.
[info] 
[debug] [2025-09-11T15:33:52.419Z] Checked if tokens are valid: true, expires at: 1757608380893
[debug] [2025-09-11T15:33:52.419Z] Checked if tokens are valid: true, expires at: 1757608380893
[debug] [2025-09-11T15:33:52.419Z] Checked if tokens are valid: true, expires at: 1757608380893
[debug] [2025-09-11T15:33:52.419Z] Checked if tokens are valid: true, expires at: 1757608380893
[debug] [2025-09-11T15:33:52.419Z] >>> [apiv2][query] GET https://firestore.googleapis.com/v1/projects/medhive-12/databases/(default)/collectionGroups/-/indexes [none]
[debug] [2025-09-11T15:33:52.420Z] >>> [apiv2][query] GET https://firestore.googleapis.com/v1/projects/medhive-12/databases/(default)/collectionGroups/-/fields?filter=indexConfig.usesAncestorConfig=false OR ttlConfig:* [none]
[debug] [2025-09-11T15:33:52.827Z] <<< [apiv2][status] GET https://firestore.googleapis.com/v1/projects/medhive-12/databases/(default)/collectionGroups/-/fields?filter=indexConfig.usesAncestorConfig=false OR ttlConfig:* 404
[debug] [2025-09-11T15:33:52.827Z] <<< [apiv2][body] GET https://firestore.googleapis.com/v1/projects/medhive-12/databases/(default)/collectionGroups/-/fields?filter=indexConfig.usesAncestorConfig=false OR ttlConfig:* {"error":{"code":404,"message":"Project 'medhive-12' or database '(default)' does not exist.","status":"NOT_FOUND"}}
[info] i  firestore.indexes.json is unchanged 
[info] ✔  Wrote firestore.indexes.json 
[debug] [2025-09-11T15:33:52.833Z] <<< [apiv2][status] GET https://firestore.googleapis.com/v1/projects/medhive-12/databases/(default)/collectionGroups/-/indexes 404
[debug] [2025-09-11T15:33:52.833Z] <<< [apiv2][body] GET https://firestore.googleapis.com/v1/projects/medhive-12/databases/(default)/collectionGroups/-/indexes {"error":{"code":404,"message":"Project 'medhive-12' or database '(default)' does not exist.","status":"NOT_FOUND"}}
[info] 
=== Genkit Setup
[warn] ⚠  genkit: Stopped Genkit initialization 
[info] 
=== Functions Setup
[debug] [2025-09-11T15:34:04.855Z] > command requires scopes: ["email","openid","https://www.googleapis.com/auth/cloudplatformprojects.readonly","https://www.googleapis.com/auth/firebase","https://www.googleapis.com/auth/cloud-platform"]
[debug] [2025-09-11T15:34:04.856Z] > authorizing via signed-in user (medhive0@gmail.com)
[debug] [2025-09-11T15:34:04.856Z] [iam] checking project medhive-12 for permissions ["firebase.projects.get"]
[debug] [2025-09-11T15:34:04.856Z] Checked if tokens are valid: true, expires at: 1757608380893
[debug] [2025-09-11T15:34:04.856Z] Checked if tokens are valid: true, expires at: 1757608380893
[debug] [2025-09-11T15:34:04.856Z] >>> [apiv2][query] POST https://cloudresourcemanager.googleapis.com/v1/projects/medhive-12:testIamPermissions [none]
[debug] [2025-09-11T15:34:04.856Z] >>> [apiv2][(partial)header] POST https://cloudresourcemanager.googleapis.com/v1/projects/medhive-12:testIamPermissions x-goog-quota-user=projects/medhive-12
[debug] [2025-09-11T15:34:04.856Z] >>> [apiv2][body] POST https://cloudresourcemanager.googleapis.com/v1/projects/medhive-12:testIamPermissions {"permissions":["firebase.projects.get"]}
[debug] [2025-09-11T15:34:05.745Z] <<< [apiv2][status] POST https://cloudresourcemanager.googleapis.com/v1/projects/medhive-12:testIamPermissions 200
[debug] [2025-09-11T15:34:05.746Z] <<< [apiv2][body] POST https://cloudresourcemanager.googleapis.com/v1/projects/medhive-12:testIamPermissions {"permissions":["firebase.projects.get"]}
[info] Let's create a new codebase for your functions.
[info] A directory corresponding to the codebase will be created in your project
[info] with sample code pre-configured.

[info] See https://firebase.google.com/docs/functions/organize-functions for
[info] more information on organizing your functions using codebases.

[info] Functions can be deployed with firebase deploy.

[debug] [2025-09-11T15:34:17.778Z] ExitPromptError: User force closed the prompt with SIGINT
    at Interface.sigint (/usr/local/lib/node_modules/firebase-tools/node_modules/@inquirer/core/dist/commonjs/lib/create-prompt.js:101:37)
    at Interface.emit (node:events:519:28)
    at Interface.emit (node:domain:489:12)
    at [_ttyWrite] [as _ttyWrite] (node:internal/readline/interface:1132:18)
    at ReadStream.onkeypress (node:internal/readline/interface:271:20)
    at ReadStream.emit (node:events:531:35)
    at ReadStream.emit (node:domain:489:12)
    at emitKeys (node:internal/readline/utils:370:14)
    at emitKeys.next (<anonymous>)
    at ReadStream.onData (node:internal/readline/emitKeypressEvents:64:36)
[error] 
[error] Error: An unexpected error has occurred.
